eeeeeeeeeeeeeeeeeeeeeeeeeeeeeeeeeEEEEEEEEEEEEEEEEEEEEEEEE
eggggggggggggggggggggggggggggggggEEEEEEEEEEEEEEEEEEEEEEEE
eeeeeeeeeeeggggggggeeeeeeeeeeeeeeEEEEEeeeeeeeeeeeeeeeeeee
eEEEEEEEEEeggggggggeEEEEEEEEEEEEEEEEEEeGGGGGGGGGGGGGGGGGGeEEEEEEEEEEEEEEEEEEEE
eEEEEEEEEEeggggggggeEEEEEEEEEEEEEEEEEEeGGeeeeeeeeGGGGGGGGeEEEEEEEEEEEEEEEEEEEE
eEEEEEEEEEeggggggggeEEEEEEEEEEEEEEEEEEeGGehhhhhheGGGGGGGGeEEEEEEEEEEEEEEEEEEEE
eEEEEEEEEEeggggggggeEEEEEEEEEEEEEEEEEEeGGehhhhhheGGGGGGGGeEEEEEEEEEEEEEEEEEEEE
eEEEEEEEEEeggggggggeeeeeeeeeeeeeeeEEEEeGGehhhhhheGGGGGGGGeeeeeeeeeeeeeeeeeeeEE
eeeeeeeeeeeggggggggggggggggggggggeEEEEeGGehhhhhheGGGGGGGGGGGGGGGGGGGGGGGGGGeEE
eggggggggggggggggggggggggggggggggeEEEEeGGehhhhhheeeeeeeeeeeeeeeeeeeeeeeeeGGeEE
eeeeeeeeeeeeeeeeeeeeeggggggggggggeeeeeeGGeeeeeeeeeeeeeeeeeeeeeeeeeEEEEEEeGGeEE
EEEEEEEEEEEEEEEEEEEEeDDDDDDDDDDDDDDDDDDDDDDDDDDDDDDDDDDDDDDDDDDDDeEEEEEEeGGeEE
EEEEEEEEEEEEEEEEEEEEeDDDDDDDDDDDDDDDDDDDDDDDDDDDDDDDDDDDDDDDDDDDDeEEEEEEeGGeEE
EEEEEEEEEEEEEEEEEEEEeDDDDDDDDDDDDDDDDDDDDDDDDDDDDDDDDDDDDDDDDDDDDeEEEEEEeGGeEE
EEEEEEEEEEEEEEEEEEEEeDDDDDDDDDDDDDDDDDDDDDDDDDDDDDDDDDDDDDDDDDDDDeEEEEEEeGGeEE
EEEEEEEEEEEEEEEEEEEEeDDDDDDDDDDDDDDDDDDDDDDDDDDDDDDDDDDDDDDDDDDDDeEEEEEEeGGeEE
EEEEEEEEEEEEEEEEEEEEeDDDDDDDDDDDDDDDDDDDDDDDDDDDDDDDDDDDDDDDDDDDDeEEEEEEeGGeEE
EEEEEEEEEEEEEEEEEEEEeDDDDDDDDDDDDDDDDDDDDDDDDDDDDDDDDDDDDDDDDDDDDeEEEEEEeGGeEE
EEEEEEEEEEEEEEEEEEEEeDDDDDDDDDDDDDDDDDDDDDDDDDDDDDDDDDDDDDDDDDDDDeEEEEEEeGGeEE
EEEEEEEEEEEEEEEEEEEEeDDDDDDDDDDDDDDDDDDDDDDDDDDDDDDDDDDDDDDDDDDDDeEEEEEEeGGeEE
EEEEEEEEEEEEEEEEEEEEeDDDDDDDDDDDDDDDDDDDDDDDDDDDDDDDDDDDDDDDDDDDDeEEEEEEeGGeEE
EEEEEEEEEEEEEEEEEEEEeDDDDDDDDDDDDDDDDDDDDDDDDDDDDDDDDDDDDDDDDDDDDeEEEEEEeGGeEE
EEEEEEEEEEEEEEEEEEEEeDDDDDDDDDDDDDDDDDDDDDDDDDDDDDDDDDDDDDDDDDDDDeEEEEEEeGGeEE
EEEEEEEEEEEEEEEEEEEEeDDDDDDDDDDDDDDDDDDDDDDDDDDDDDDDDDDDDDDDDDDDDeEEEEEEeGGeEE
EEEEEEEEEEEEEEEEEEEEeDDDDDDDDDDDDDDDDDDDDDDDDDDDDDDDDDDDDDDDDDDDDeEEEEEEeGGeEE
